<html>
  <head>
  </head>
  
  <body>
    <h1>Hello</h1>
    <table>
      <tr>
        <!--[if gte mso 9]><v:rect xmlns:v="urn:schemas-microsoft-com:vml" fill="true" stroke="false" style="width:455px;height:287px;"><v:fill type="tile" src="//cdn.example.com/stuff/bar.jpg" color="#ff0000" /><v:textbox inset="0,0,0,0"><![endif]--><div>
          Hello
        </div><!--[if gte mso 9]></v:textbox></v:rect><![endif]--></td>
        <!--[if gte mso 9]><v:rect xmlns:v="urn:schemas-microsoft-com:vml" fill="true" stroke="false" style="width:155px;"><v:fill type="tile" src="//example.com/good/bar.jpg" color="#ffffff" /><v:textbox inset="0,0,0,0"><![endif]--><div></div><!--[if gte mso 9]></v:textbox></v:rect><![endif]--></td>
        <td>
          A normal td
        </td>
      </tr>
    </table>
  </body>
</html>
